{"worker": "F07D2D71", "task": "QUERY", "status": "OK", "timestamp": "2026-05-18 19:34:29"}
{"worker": "F07D2D71", "task": "QUERY", "status": "OK", "timestamp": "2026-05-18 19:34:30"}
{"worker": "F07D2D71", "task": "QUERY", "status": "OK", "timestamp": "2026-05-18 19:34:30"}
{"worker": "F07D2D71", "task": "QUERY", "status": "OK", "timestamp": "2026-05-18 19:34:31"}
{"worker": "F07D2D71", "task": "QUERY", "status": "OK", "timestamp": "2026-05-18 19:34:32"}
{"worker": "F07D2D71", "task": "QUERY", "status": "OK", "timestamp": "2026-05-18 19:34:32"}
{"worker": "F07D2D71", "task": "QUERY", "status": "OK", "timestamp": "2026-05-18 19:34:33"}
{"worker": "F07D2D71", "task": "QUERY", "status": "OK", "timestamp": "2026-05-18 19:34:33"}
{"worker": "F07D2D71", "task": "QUERY", "status": "OK", "timestamp": "2026-05-18 19:34:34"}
{"worker": "22D0F644", "task": "QUERY", "status": "OK", "timestamp": "2026-05-18 19:56:08"}
{"worker": "C42FEF59", "task": "QUERY", "status": "OK", "timestamp": "2026-05-18 19:56:08"}
{"worker": "EAEAC504", "task": "QUERY", "status": "OK", "timestamp": "2026-05-18 19:56:14"}
{"worker": "EAEAC504", "task": "QUERY", "status": "OK", "timestamp": "2026-05-18 19:56:15"}
{"worker": "2F08B036", "task": "QUERY", "status": "OK", "timestamp": "2026-05-18 19:57:32"}
{"worker": "EF3CC521", "task": "QUERY", "status": "OK", "timestamp": "2026-05-18 19:57:51"}
{"worker": "F7FC544F", "task": "QUERY", "status": "OK", "timestamp": "2026-05-18 19:57:52"}
{"worker": "EF3CC521", "task": "QUERY", "status": "OK", "timestamp": "2026-05-18 19:57:52"}
{"worker": "EF3CC521", "task": "QUERY", "status": "OK", "timestamp": "2026-05-18 19:57:52"}
{"worker": "F7FC544F", "task": "QUERY", "status": "OK", "timestamp": "2026-05-18 19:57:52"}
{"worker": "EF3CC521", "task": "QUERY", "status": "OK", "timestamp": "2026-05-18 19:57:53"}
{"worker": "F7FC544F", "task": "QUERY", "status": "OK", "timestamp": "2026-05-18 19:57:53"}
{"worker": "F7FC544F", "task": "QUERY", "status": "OK", "timestamp": "2026-05-18 19:57:53"}
{"worker": "EF3CC521", "task": "QUERY", "status": "OK", "timestamp": "2026-05-18 19:57:54"}
{"worker": "F7FC544F", "task": "QUERY", "status": "OK", "timestamp": "2026-05-18 19:57:54"}
{"worker": "F7FC544F", "task": "QUERY", "status": "OK", "timestamp": "2026-05-18 19:57:54"}
{"worker": "EF3CC521", "task": "QUERY", "status": "OK", "timestamp": "2026-05-18 19:57:55"}
{"worker": "F7FC544F", "task": "QUERY", "status": "OK", "timestamp": "2026-05-18 19:57:55"}
{"worker": "8C078840", "task": "QUERY", "status": "OK", "timestamp": "2026-05-18 19:57:57"}
{"worker": "9A5600D9", "task": "QUERY", "status": "OK", "timestamp": "2026-05-18 20:01:15"}
{"worker": "AD7D8EAD", "task": "QUERY", "status": "OK", "timestamp": "2026-05-18 20:01:35"}
{"worker": "70AF69C9", "task": "QUERY", "status": "OK", "timestamp": "2026-05-18 20:01:35"}
{"worker": "AD7D8EAD", "task": "QUERY", "status": "OK", "timestamp": "2026-05-18 20:01:35"}
{"worker": "70AF69C9", "task": "QUERY", "status": "OK", "timestamp": "2026-05-18 20:01:35"}
{"worker": "70AF69C9", "task": "QUERY", "status": "OK", "timestamp": "2026-05-18 20:01:36"}
{"worker": "AD7D8EAD", "task": "QUERY", "status": "OK", "timestamp": "2026-05-18 20:01:36"}
{"worker": "70AF69C9", "task": "QUERY", "status": "OK", "timestamp": "2026-05-18 20:01:37"}
{"worker": "70AF69C9", "task": "QUERY", "status": "OK", "timestamp": "2026-05-18 20:01:38"}
{"worker": "70AF69C9", "task": "QUERY", "status": "OK", "timestamp": "2026-05-18 20:01:38"}
{"worker": "70AF69C9", "task": "QUERY", "status": "OK", "timestamp": "2026-05-18 20:01:39"}
{"worker": "70AF69C9", "task": "QUERY", "status": "OK", "timestamp": "2026-05-18 20:01:39"}
{"worker": "70AF69C9", "task": "QUERY", "status": "OK", "timestamp": "2026-05-18 20:01:40"}
{"worker": "F0024C5A", "task": "QUERY", "status": "OK", "timestamp": "2026-05-18 20:01:40"}
{"worker": "B870CC79", "task": "QUERY", "status": "OK", "timestamp": "2026-05-18 20:02:12"}
{"worker": "32968B8B", "task": "QUERY", "status": "OK", "timestamp": "2026-05-18 20:02:31"}
{"worker": "090E2A8D", "task": "QUERY", "status": "OK", "timestamp": "2026-05-18 20:02:31"}
{"worker": "32968B8B", "task": "QUERY", "status": "OK", "timestamp": "2026-05-18 20:02:32"}
{"worker": "090E2A8D", "task": "QUERY", "status": "OK", "timestamp": "2026-05-18 20:02:32"}
{"worker": "32968B8B", "task": "QUERY", "status": "OK", "timestamp": "2026-05-18 20:02:32"}
{"worker": "090E2A8D", "task": "QUERY", "status": "OK", "timestamp": "2026-05-18 20:02:33"}
{"worker": "32968B8B", "task": "QUERY", "status": "OK", "timestamp": "2026-05-18 20:02:33"}
{"worker": "090E2A8D", "task": "QUERY", "status": "OK", "timestamp": "2026-05-18 20:02:33"}
{"worker": "32968B8B", "task": "QUERY", "status": "OK", "timestamp": "2026-05-18 20:02:34"}
{"worker": "090E2A8D", "task": "QUERY", "status": "OK", "timestamp": "2026-05-18 20:02:34"}
{"worker": "32968B8B", "task": "QUERY", "status": "OK", "timestamp": "2026-05-18 20:02:34"}
{"worker": "090E2A8D", "task": "QUERY", "status": "OK", "timestamp": "2026-05-18 20:02:35"}
{"worker": "090E2A8D", "task": "QUERY", "status": "OK", "timestamp": "2026-05-18 20:02:36"}
{"worker": "090E2A8D", "task": "QUERY", "status": "OK", "timestamp": "2026-05-18 20:02:37"}
{"worker": "0080FFF8", "task": "QUERY", "status": "OK", "timestamp": "2026-05-18 20:02:37"}
{"worker": "090E2A8D", "task": "QUERY", "status": "OK", "timestamp": "2026-05-18 20:02:37"}
{"worker": "090E2A8D", "task": "QUERY", "status": "OK", "timestamp": "2026-05-18 20:02:38"}
{"worker": "090E2A8D", "task": "QUERY", "status": "OK", "timestamp": "2026-05-18 20:02:38"}
{"worker": "090E2A8D", "task": "QUERY", "status": "OK", "timestamp": "2026-05-18 20:02:38"}
{"worker": "090E2A8D", "task": "QUERY", "status": "OK", "timestamp": "2026-05-18 20:02:39"}
{"worker": "090E2A8D", "task": "QUERY", "status": "OK", "timestamp": "2026-05-18 20:02:39"}
{"worker": "090E2A8D", "task": "QUERY", "status": "OK", "timestamp": "2026-05-18 20:02:40"}
{"worker": "B863B9A8", "task": "QUERY", "status": "OK", "timestamp": "2026-05-18 20:03:08"}
{"worker": "B863B9A8", "task": "QUERY", "status": "OK", "timestamp": "2026-05-18 20:03:13"}
{"worker": "B863B9A8", "task": "QUERY", "status": "OK", "timestamp": "2026-05-18 20:03:13"}
{"worker": "B863B9A8", "task": "QUERY", "status": "OK", "timestamp": "2026-05-18 20:03:14"}
{"worker": "EDA37456", "task": "QUERY", "status": "OK", "timestamp": "2026-05-18 20:03:22"}
{"worker": "EFF57844", "task": "QUERY", "status": "OK", "timestamp": "2026-05-18 20:03:22"}
{"worker": "EFF57844", "task": "QUERY", "status": "OK", "timestamp": "2026-05-18 20:03:23"}
{"worker": "EFF57844", "task": "QUERY", "status": "OK", "timestamp": "2026-05-18 20:03:23"}
{"worker": "EFF57844", "task": "QUERY", "status": "OK", "timestamp": "2026-05-18 20:03:24"}
{"worker": "EFF57844", "task": "QUERY", "status": "OK", "timestamp": "2026-05-18 20:03:25"}
{"worker": "EFF57844", "task": "QUERY", "status": "OK", "timestamp": "2026-05-18 20:03:25"}
{"worker": "EFF57844", "task": "QUERY", "status": "OK", "timestamp": "2026-05-18 20:03:26"}
{"worker": "EFF57844", "task": "QUERY", "status": "OK", "timestamp": "2026-05-18 20:03:27"}
{"worker": "EFF57844", "task": "QUERY", "status": "OK", "timestamp": "2026-05-18 20:03:27"}
{"worker": "BAEEE2A7", "task": "QUERY", "status": "OK", "timestamp": "2026-05-18 20:03:33"}
{"worker": "44A1DF34", "task": "QUERY", "status": "OK", "timestamp": "2026-05-18 20:04:16"}
{"worker": "137CDF52", "task": "QUERY", "status": "OK", "timestamp": "2026-05-18 20:05:02"}
{"worker": "BED77A9C", "task": "QUERY", "status": "OK", "timestamp": "2026-05-18 20:05:48"}
{"worker": "1715862E", "task": "QUERY", "status": "OK", "timestamp": "2026-05-18 20:06:27"}
{"worker": "EF8047D2", "task": "QUERY", "status": "OK", "timestamp": "2026-05-18 20:06:58"}
{"worker": "AFF06532", "task": "QUERY", "status": "OK", "timestamp": "2026-05-18 20:07:45"}
{"worker": "8DA083EC", "task": "QUERY", "status": "OK", "timestamp": "2026-05-18 20:23:49"}
{"worker": "FF096C51", "task": "QUERY", "status": "OK", "timestamp": "2026-05-18 20:24:08"}
{"worker": "1ADDB7EA", "task": "QUERY", "status": "OK", "timestamp": "2026-05-18 20:24:08"}
{"worker": "FF096C51", "task": "QUERY", "status": "OK", "timestamp": "2026-05-18 20:24:09"}
{"worker": "1ADDB7EA", "task": "QUERY", "status": "OK", "timestamp": "2026-05-18 20:24:09"}
{"worker": "FF096C51", "task": "QUERY", "status": "OK", "timestamp": "2026-05-18 20:24:10"}
{"worker": "1ADDB7EA", "task": "QUERY", "status": "OK", "timestamp": "2026-05-18 20:24:10"}
{"worker": "FF096C51", "task": "QUERY", "status": "OK", "timestamp": "2026-05-18 20:24:11"}
{"worker": "1ADDB7EA", "task": "QUERY", "status": "OK", "timestamp": "2026-05-18 20:24:11"}
{"worker": "B0E816A2", "task": "QUERY", "status": "OK", "timestamp": "2026-05-18 20:24:14"}
{"worker": "B0E816A2", "task": "QUERY", "status": "OK", "timestamp": "2026-05-18 20:24:18"}
{"worker": "B0E816A2", "task": "QUERY", "status": "OK", "timestamp": "2026-05-18 20:24:19"}
{"worker": "B0E816A2", "task": "QUERY", "status": "OK", "timestamp": "2026-05-18 20:24:19"}
{"worker": "B0E816A2", "task": "QUERY", "status": "OK", "timestamp": "2026-05-18 20:24:20"}
{"worker": "A58636F5", "task": "QUERY", "status": "OK", "timestamp": "2026-05-18 20:25:48"}
{"worker": "A58636F5", "task": "QUERY", "status": "OK", "timestamp": "2026-05-18 20:25:52"}
{"worker": "A58636F5", "task": "QUERY", "status": "OK", "timestamp": "2026-05-18 20:25:53"}
{"worker": "A58636F5", "task": "QUERY", "status": "OK", "timestamp": "2026-05-18 20:25:53"}
{"worker": "566A963C", "task": "QUERY", "status": "OK", "timestamp": "2026-05-18 20:26:03"}
{"worker": "E1616F43", "task": "QUERY", "status": "OK", "timestamp": "2026-05-18 20:26:04"}
{"worker": "566A963C", "task": "QUERY", "status": "OK", "timestamp": "2026-05-18 20:26:04"}
{"worker": "566A963C", "task": "QUERY", "status": "OK", "timestamp": "2026-05-18 20:26:05"}
{"worker": "566A963C", "task": "QUERY", "status": "OK", "timestamp": "2026-05-18 20:26:06"}
{"worker": "EB160484", "task": "QUERY", "status": "OK", "timestamp": "2026-05-18 20:26:19"}
{"worker": "35F66BFD", "task": "QUERY", "status": "OK", "timestamp": "2026-05-18 20:26:44"}
{"worker": "657A2C75", "task": "QUERY", "status": "OK", "timestamp": "2026-05-18 20:27:15"}
{"worker": "0BBE01FC", "task": "QUERY", "status": "OK", "timestamp": "2026-05-18 20:27:49"}
{"worker": "ED74FF1A", "task": "QUERY", "status": "OK", "timestamp": "2026-05-18 20:28:23"}
{"worker": "141F027D", "task": "QUERY", "status": "OK", "timestamp": "2026-05-18 20:28:42"}
{"worker": "1F8CFC1F", "task": "QUERY", "status": "OK", "timestamp": "2026-05-18 20:28:42"}
{"worker": "1F8CFC1F", "task": "QUERY", "status": "OK", "timestamp": "2026-05-18 20:28:43"}
{"worker": "141F027D", "task": "QUERY", "status": "OK", "timestamp": "2026-05-18 20:28:43"}
{"worker": "1F8CFC1F", "task": "QUERY", "status": "OK", "timestamp": "2026-05-18 20:28:43"}
{"worker": "141F027D", "task": "QUERY", "status": "OK", "timestamp": "2026-05-18 20:28:44"}
{"worker": "1F8CFC1F", "task": "QUERY", "status": "OK", "timestamp": "2026-05-18 20:28:44"}
{"worker": "141F027D", "task": "QUERY", "status": "OK", "timestamp": "2026-05-18 20:28:45"}
{"worker": "1F8CFC1F", "task": "QUERY", "status": "OK", "timestamp": "2026-05-18 20:28:45"}
{"worker": "141F027D", "task": "QUERY", "status": "OK", "timestamp": "2026-05-18 20:28:45"}
{"worker": "141F027D", "task": "QUERY", "status": "OK", "timestamp": "2026-05-18 20:28:46"}
{"worker": "1F8CFC1F", "task": "QUERY", "status": "OK", "timestamp": "2026-05-18 20:28:46"}
{"worker": "1F8CFC1F", "task": "QUERY", "status": "OK", "timestamp": "2026-05-18 20:28:46"}
{"worker": "1F8CFC1F", "task": "QUERY", "status": "OK", "timestamp": "2026-05-18 20:28:47"}
{"worker": "1F8CFC1F", "task": "QUERY", "status": "OK", "timestamp": "2026-05-18 20:28:48"}
{"worker": "1F8CFC1F", "task": "QUERY", "status": "OK", "timestamp": "2026-05-18 20:28:48"}
{"worker": "8C4D2448", "task": "QUERY", "status": "OK", "timestamp": "2026-05-18 20:28:48"}
{"worker": "1F8CFC1F", "task": "QUERY", "status": "OK", "timestamp": "2026-05-18 20:28:49"}
{"worker": "1F8CFC1F", "task": "QUERY", "status": "OK", "timestamp": "2026-05-18 20:28:49"}
{"worker": "1F8CFC1F", "task": "QUERY", "status": "OK", "timestamp": "2026-05-18 20:28:50"}
{"worker": "1F8CFC1F", "task": "QUERY", "status": "OK", "timestamp": "2026-05-18 20:28:50"}
{"worker": "FC19AE16", "task": "QUERY", "status": "OK", "timestamp": "2026-05-18 20:30:24"}
{"worker": "AB11CD1A", "task": "QUERY", "status": "OK", "timestamp": "2026-05-18 20:30:49"}
{"worker": "38E45911", "task": "QUERY", "status": "OK", "timestamp": "2026-05-18 20:31:14"}
{"worker": "72E62526", "task": "QUERY", "status": "OK", "timestamp": "2026-05-18 20:31:14"}
{"worker": "72E62526", "task": "QUERY", "status": "OK", "timestamp": "2026-05-18 20:31:15"}
{"worker": "72E62526", "task": "QUERY", "status": "OK", "timestamp": "2026-05-18 20:31:16"}
{"worker": "38E45911", "task": "QUERY", "status": "OK", "timestamp": "2026-05-18 20:31:18"}
{"worker": "38E45911", "task": "QUERY", "status": "OK", "timestamp": "2026-05-18 20:31:19"}
{"worker": "38E45911", "task": "QUERY", "status": "OK", "timestamp": "2026-05-18 20:31:19"}
{"worker": "AD05AA29", "task": "QUERY", "status": "OK", "timestamp": "2026-05-18 20:31:38"}
{"worker": "65BD23F5", "task": "QUERY", "status": "OK", "timestamp": "2026-05-18 20:31:57"}
{"worker": "6BEF3AE0", "task": "QUERY", "status": "OK", "timestamp": "2026-05-18 20:31:57"}
{"worker": "65BD23F5", "task": "QUERY", "status": "OK", "timestamp": "2026-05-18 20:31:58"}
{"worker": "65BD23F5", "task": "QUERY", "status": "OK", "timestamp": "2026-05-18 20:31:58"}
{"worker": "65BD23F5", "task": "QUERY", "status": "OK", "timestamp": "2026-05-18 20:31:59"}
{"worker": "6BEF3AE0", "task": "QUERY", "status": "OK", "timestamp": "2026-05-18 20:31:59"}
{"worker": "6BEF3AE0", "task": "QUERY", "status": "OK", "timestamp": "2026-05-18 20:31:59"}
{"worker": "6BEF3AE0", "task": "QUERY", "status": "OK", "timestamp": "2026-05-18 20:31:59"}
{"worker": "65BD23F5", "task": "QUERY", "status": "OK", "timestamp": "2026-05-18 20:31:59"}
{"worker": "6BEF3AE0", "task": "QUERY", "status": "OK", "timestamp": "2026-05-18 20:32:00"}
{"worker": "6BEF3AE0", "task": "QUERY", "status": "OK", "timestamp": "2026-05-18 20:32:00"}
{"worker": "65BD23F5", "task": "QUERY", "status": "OK", "timestamp": "2026-05-18 20:32:00"}
{"worker": "6BEF3AE0", "task": "QUERY", "status": "OK", "timestamp": "2026-05-18 20:32:01"}
{"worker": "65BD23F5", "task": "QUERY", "status": "OK", "timestamp": "2026-05-18 20:32:01"}
{"worker": "6BEF3AE0", "task": "QUERY", "status": "OK", "timestamp": "2026-05-18 20:32:01"}
{"worker": "6BEF3AE0", "task": "QUERY", "status": "OK", "timestamp": "2026-05-18 20:32:02"}
{"worker": "6BEF3AE0", "task": "QUERY", "status": "OK", "timestamp": "2026-05-18 20:32:03"}
{"worker": "4C27EE1A", "task": "QUERY", "status": "OK", "timestamp": "2026-05-18 20:32:04"}
{"worker": "4C27EE1A", "task": "QUERY", "status": "OK", "timestamp": "2026-05-18 20:32:09"}
{"worker": "4C27EE1A", "task": "QUERY", "status": "OK", "timestamp": "2026-05-18 20:32:09"}
{"worker": "771872FA", "task": "QUERY", "status": "OK", "timestamp": "2026-05-18 20:33:45"}
{"worker": "EBDE8989", "task": "QUERY", "status": "OK", "timestamp": "2026-05-18 20:34:04"}
{"worker": "E0D81EBD", "task": "QUERY", "status": "OK", "timestamp": "2026-05-18 20:34:04"}
{"worker": "E0D81EBD", "task": "QUERY", "status": "OK", "timestamp": "2026-05-18 20:34:05"}
{"worker": "E0D81EBD", "task": "QUERY", "status": "OK", "timestamp": "2026-05-18 20:34:06"}
{"worker": "6198E84A", "task": "QUERY", "status": "OK", "timestamp": "2026-05-18 20:34:11"}
{"worker": "6198E84A", "task": "QUERY", "status": "OK", "timestamp": "2026-05-18 20:34:14"}
{"worker": "6198E84A", "task": "QUERY", "status": "OK", "timestamp": "2026-05-18 20:34:15"}
{"worker": "6198E84A", "task": "QUERY", "status": "OK", "timestamp": "2026-05-18 20:34:15"}
